---
source: crates/corrosion/tests/db.rs
expression: only_row().await
---
+-------------+------+------+
| ip          | icao | port |
+=============+======+======+
| ::aaff:eeff | ZZZZ | 9876 |
+-------------+------+------+
